<?xml version="1.0" encoding="UTF-8"?>
<config xmlns="http://www.knime.org/2008/09/XMLConfig" xmlns:xsi="http://www.w3.org/2001/XMLSchema-instance" xsi:schemaLocation="http://www.knime.org/2008/09/XMLConfig http://www.knime.org/XMLConfig_2008_09.xsd" key="test">
    <entry key="label" type="xstring" value="Label"/>
    <entry key="description" type="xstring" value="Enter Description"/>
    <entry key="flowVariableName" type="xstring" value="list-box-input"/>
    <entry key="parameterName" type="xstring" value="list-box-input"/>
    <entry key="hideInDialog" type="xboolean" value="false"/>
    <entry key="required" type="xboolean" value="true"/>
    <config key="defaultValue">
        <entry key="string" type="xstring" value=""/>
    </config>
    <entry key="number_visible_options" type="xint" value="5"/>
    <entry key="regex" type="xstring" value="^(https:[/][/]|http:[/][/]|www.)[a-zA-Z0-9\-\.]+\.[a-zA-Z]{2,3}(:[a-zA-Z0-9]*)?/?([a-zA-Z0-9\-\._\?\,\'/\\\+&amp;amp;%\$#\=~])*$"/>
    <entry key="error_message" type="xstring" value="The given input '?' is not a valid URL"/>
    <entry key="separate_each_character" type="xboolean" value="false"/>
    <entry key="separator" type="xstring" value="\n"/>
    <entry key="seperator_regex" type="xstring" value=""/>
    <entry key="omit_empty" type="xboolean" value="false"/>
</config>
