{
  "data" : {
    "model" : {
      "label" : "Label",
      "description" : "Enter Description",
      "flowVariableName" : "boolean-input",
      "parameterName" : "boolean-input",
      "hideInDialog" : false,
      "required" : true,
      "defaultValue" : {
        "boolean" : false
      },
      "pushIntVar" : "BOOLEAN"
    }
  },
  "schema" : {
    "type" : "object",
    "properties" : {
      "model" : {
        "type" : "object",
        "properties" : {
          "defaultValue" : {
            "type" : "object",
            "properties" : {
              "boolean" : {
                "type" : "boolean",
                "title" : "Default value",
                "description" : "Default value for the field. If empty, no default value will be set.",
                "default" : false
              }
            },
            "default" : {
              "boolean" : false
            }
          },
          "description" : {
            "type" : "string",
            "title" : "Description",
            "description" : "Description shown in the dialog and node description.",
            "default" : "Enter Description"
          },
          "flowVariableName" : {
            "type" : "string",
            "title" : "Output variable name",
            "description" : "Parameter identifier for external parameterization (e.g. batch execution).\nThis will also be the name of the exported flow variable.\n",
            "default" : "boolean-input"
          },
          "hideInDialog" : {
            "type" : "boolean",
            "title" : "Hide in dialog",
            "description" : "Set this to true to hide this field in a component dialog.\n",
            "default" : false
          },
          "label" : {
            "type" : "string",
            "title" : "Label",
            "description" : "Some lines of description that will be shown for instance in the node description of\nthe component exposing a dialog.\n",
            "default" : "Label"
          },
          "overwrittenByValueMessage" : {
            "type" : "object"
          },
          "parameterName" : {
            "type" : "string",
            "title" : "Parameter name",
            "description" : "A simple name that is associated with this node for external parameterization. This is for instance used in command line control or when parameters are set via a web service invocation (that is, the workflow itself is the web service implementation). The returned value must not be null. An empty string is discouraged and only used for backward compatibility reasons (workflows saved prior 2.12 do not have this property) ",
            "default" : "boolean-input"
          },
          "pushIntVar" : {
            "oneOf" : [ {
              "const" : "BOOLEAN",
              "title" : "Boolean"
            }, {
              "const" : "INTEGER",
              "title" : "Number (Integer)"
            } ],
            "title" : "Output type",
            "description" : "The type of the output variable.",
            "default" : "BOOLEAN"
          },
          "required" : {
            "type" : "boolean",
            "default" : true
          }
        }
      }
    }
  },
  "ui_schema" : {
    "elements" : [ {
      "label" : "Form Field",
      "type" : "Section",
      "elements" : [ {
        "type" : "Control",
        "scope" : "#/properties/model/properties/label"
      }, {
        "type" : "Control",
        "scope" : "#/properties/model/properties/description"
      } ]
    }, {
      "label" : "Output",
      "type" : "Section",
      "elements" : [ {
        "type" : "Control",
        "id" : "#/properties/model/properties/overwrittenByValueMessage",
        "options" : {
          "format" : "textMessage"
        },
        "providedOptions" : [ "message" ]
      }, {
        "type" : "Control",
        "scope" : "#/properties/model/properties/defaultValue/properties/boolean",
        "options" : {
          "format" : "checkbox"
        }
      }, {
        "type" : "Control",
        "scope" : "#/properties/model/properties/flowVariableName"
      }, {
        "type" : "Control",
        "scope" : "#/properties/model/properties/pushIntVar",
        "options" : {
          "format" : "valueSwitch"
        }
      } ]
    }, {
      "label" : "Advanced Settings",
      "type" : "Section",
      "options" : {
        "isAdvanced" : true
      },
      "elements" : [ {
        "type" : "Control",
        "scope" : "#/properties/model/properties/parameterName",
        "options" : {
          "isAdvanced" : true
        }
      }, {
        "type" : "Control",
        "scope" : "#/properties/model/properties/hideInDialog",
        "options" : {
          "format" : "checkbox",
          "isAdvanced" : true
        }
      } ]
    } ]
  },
  "persist" : {
    "type" : "object",
    "properties" : {
      "model" : {
        "type" : "object",
        "properties" : {
          "label" : { },
          "description" : { },
          "flowVariableName" : { },
          "parameterName" : { },
          "hideInDialog" : { },
          "required" : { },
          "overwrittenByValueMessage" : { },
          "defaultValue" : {
            "type" : "object",
            "properties" : {
              "boolean" : { }
            }
          },
          "pushIntVar" : {
            "configPaths" : [ [ "pushIntVar" ] ]
          }
        }
      }
    }
  },
  "globalUpdates" : [ {
    "trigger" : {
      "id" : "after-open-dialog"
    },
    "triggerInitially" : true,
    "dependencies" : [ ]
  }, {
    "trigger" : {
      "scope" : "#/properties/model/properties/flowVariableName"
    },
    "dependencies" : [ "#/properties/model/properties/flowVariableName" ]
  } ]
}