<?xml version="1.0" encoding="UTF-8"?>
<config xmlns="http://www.knime.org/2008/09/XMLConfig" xmlns:xsi="http://www.w3.org/2001/XMLSchema-instance" xsi:schemaLocation="http://www.knime.org/2008/09/XMLConfig http://www.knime.org/XMLConfig_2008_09.xsd" key="test">
    <entry key="label" type="xstring" value="Label"/>
    <entry key="description" type="xstring" value="Enter Description"/>
    <entry key="flowVariableName" type="xstring" value="multiple-selection"/>
    <entry key="parameterName" type="xstring" value="multiple-selection"/>
    <entry key="hideInDialog" type="xboolean" value="false"/>
    <entry key="required" type="xboolean" value="true"/>
    <config key="defaultValue">
        <config key="variable_value">
            <entry key="array-size" type="xint" value="2"/>
            <entry key="0" type="xstring" value="b"/>
            <entry key="1" type="xstring" value="c"/>
        </config>
    </config>
    <entry key="type" type="xstring" value="List"/>
    <entry key="limit_number_visible_options" type="xboolean" value="true"/>
    <entry key="number_visible_options" type="xint" value="3"/>
    <config key="possible_choices">
        <entry key="array-size" type="xint" value="3"/>
        <entry key="0" type="xstring" value="a"/>
        <entry key="1" type="xstring" value="b"/>
        <entry key="2" type="xstring" value="c"/>
    </config>
</config>
